%Warning-EOFNEWLINE: rtl/address_decoder.v:24:10: Missing newline at end of file (POSIX 3.206).
                                                : ... Suggest add newline.
   24 | endmodule
      |          ^
                     ... For warning description see https://verilator.org/warn/EOFNEWLINE?v=5.050
                     ... Use "/* verilator lint_off EOFNEWLINE */" and lint_on around source to disable this message.
%Warning-EOFNEWLINE: rtl/set_associative_cache.v:181:10: Missing newline at end of file (POSIX 3.206).
                                                       : ... Suggest add newline.
  181 | endmodule
      |          ^
%Warning-EOFNEWLINE: tb/mem_model.v:93:10: Missing newline at end of file (POSIX 3.206).
                                         : ... Suggest add newline.
   93 | endmodule
      |          ^
%Warning-EOFNEWLINE: tb/tb_trace_driven.v:153:10: Missing newline at end of file (POSIX 3.206).
                                                : ... Suggest add newline.
  153 | endmodule
      |          ^
%Warning-TIMESCALEMOD: rtl/address_decoder.v:1:8: Timescale missing on this module as other modules have it (IEEE 1800-2023 3.14.2.3)
    1 | module address_decoder #(
      |        ^~~~~~~~~~~~~~~
                       tb/tb_trace_driven.v:3:8: ... Location of module with timescale
    3 | module tb_trace_driven;
      |        ^~~~~~~~~~~~~~~
                       ... For warning description see https://verilator.org/warn/TIMESCALEMOD?v=5.050
                       ... Use "/* verilator lint_off TIMESCALEMOD */" and lint_on around source to disable this message.
%Warning-TIMESCALEMOD: rtl/set_associative_cache.v:1:8: Timescale missing on this module as other modules have it (IEEE 1800-2023 3.14.2.3)
    1 | module set_associative_cache #(
      |        ^~~~~~~~~~~~~~~~~~~~~
                       tb/tb_trace_driven.v:3:8: ... Location of module with timescale
    3 | module tb_trace_driven;
      |        ^~~~~~~~~~~~~~~
%Warning-TIMESCALEMOD: tb/mem_model.v:1:8: Timescale missing on this module as other modules have it (IEEE 1800-2023 3.14.2.3)
    1 | module mem_model #(
      |        ^~~~~~~~~
                       tb/tb_trace_driven.v:3:8: ... Location of module with timescale
    3 | module tb_trace_driven;
      |        ^~~~~~~~~~~~~~~
%Warning-WIDTHEXPAND: rtl/set_associative_cache.v:125:24: Operator NEQ expects 32 bits on the RHS, but RHS's VARREF 'w' generates 1 bits.
                                                        : ... note: In instance 'tb_trace_driven.dut'
  125 |                 if ((j != w) && (lru_counter[s][j] > old_val))
      |                        ^~
                      ... For warning description see https://verilator.org/warn/WIDTHEXPAND?v=5.050
                      ... Use "/* verilator lint_off WIDTHEXPAND */" and lint_on around source to disable this message.
%Warning-WIDTHTRUNC: rtl/set_associative_cache.v:128:31: Operator ASSIGNDLY expects 1 bits on the Assign RHS, but Assign RHS's SUB generates 32 bits.
                                                       : ... note: In instance 'tb_trace_driven.dut'
  128 |             lru_counter[s][w] <= NUM_WAYS - 1;
      |                               ^~
                     ... For warning description see https://verilator.org/warn/WIDTHTRUNC?v=5.050
                     ... Use "/* verilator lint_off WIDTHTRUNC */" and lint_on around source to disable this message.
%Warning-WIDTHEXPAND: rtl/set_associative_cache.v:167:47: Operator EQ expects 32 bits on the RHS, but RHS's VARREF 'word_sel' generates 2 bits.
                                                        : ... note: In instance 'tb_trace_driven.dut'
  167 |                             if (cpu_we && (wj == word_sel))
      |                                               ^~
%Warning-UNUSEDSIGNAL: tb/tb_trace_driven.v:25:29: Signal is not used: 'cpu_hit'
                                                 : ... note: In instance 'tb_trace_driven'
   25 |     wire                    cpu_hit;
      |                             ^~~~~~~
                       ... For warning description see https://verilator.org/warn/UNUSEDSIGNAL?v=5.050
                       ... Use "/* verilator lint_off UNUSEDSIGNAL */" and lint_on around source to disable this message.
%Warning-UNUSEDSIGNAL: tb/tb_trace_driven.v:26:29: Signal is not used: 'cpu_rdata'
                                                 : ... note: In instance 'tb_trace_driven'
   26 |     wire [DATA_WIDTH-1:0]   cpu_rdata;
      |                             ^~~~~~~~~
%Warning-UNUSEDSIGNAL: rtl/address_decoder.v:7:34: Bits of signal are not used: 'addr'[1:0]
                                                 : ... note: In instance 'tb_trace_driven.dut.addr_dec'
    7 |     input  wire [ADDR_WIDTH-1:0] addr,
      |                                  ^~~~
%Warning-CASEINCOMPLETE: rtl/set_associative_cache.v:146:13: Case values incompletely covered (example pattern 0x3)
  146 |             case (state)
      |             ^~~~
                         ... For warning description see https://verilator.org/warn/CASEINCOMPLETE?v=5.050
                         ... Use "/* verilator lint_off CASEINCOMPLETE */" and lint_on around source to disable this message.
c++ -Os  -I.  -MMD -I/opt/homebrew/Cellar/verilator/5.050/share/verilator/include -I/opt/homebrew/Cellar/verilator/5.050/share/verilator/include/vltstd -DVERILATOR=1 -DVM_COVERAGE=0 -DVM_SC=0 -DVM_TIMING=1 -DVM_TRACE=1 -DVM_TRACE_FST=0 -DVM_TRACE_VCD=1 -DVM_TRACE_SAIF=0 -DVM_VPI=0 -faligned-new -fbracket-depth=4096 -fcf-protection=none -Xclang -fno-pch-timestamp -Qunused-arguments -Wno-bool-operation -Wno-c++11-narrowing -Wno-constant-logical-operand -Wno-int-in-bool-context -Wno-non-pod-varargs -Wno-parentheses-equality -Wno-shadow -Wno-sign-compare -Wno-tautological-bitwise-compare -Wno-tautological-compare -Wno-uninitialized -Wno-unnecessary-virtual-specifier -Wno-unused-but-set-parameter -Wno-unused-but-set-variable -Wno-unused-parameter -Wno-unused-variable -Wno-vla-cxx-extension    -DVL_TIME_CONTEXT   -std=gnu++20 -c -o verilated.o /opt/homebrew/Cellar/verilator/5.050/share/verilator/include/verilated.cpp
c++ -Os  -I.  -MMD -I/opt/homebrew/Cellar/verilator/5.050/share/verilator/include -I/opt/homebrew/Cellar/verilator/5.050/share/verilator/include/vltstd -DVERILATOR=1 -DVM_COVERAGE=0 -DVM_SC=0 -DVM_TIMING=1 -DVM_TRACE=1 -DVM_TRACE_FST=0 -DVM_TRACE_VCD=1 -DVM_TRACE_SAIF=0 -DVM_VPI=0 -faligned-new -fbracket-depth=4096 -fcf-protection=none -Xclang -fno-pch-timestamp -Qunused-arguments -Wno-bool-operation -Wno-c++11-narrowing -Wno-constant-logical-operand -Wno-int-in-bool-context -Wno-non-pod-varargs -Wno-parentheses-equality -Wno-shadow -Wno-sign-compare -Wno-tautological-bitwise-compare -Wno-tautological-compare -Wno-uninitialized -Wno-unnecessary-virtual-specifier -Wno-unused-but-set-parameter -Wno-unused-but-set-variable -Wno-unused-parameter -Wno-unused-variable -Wno-vla-cxx-extension    -DVL_TIME_CONTEXT   -std=gnu++20 -c -o verilated_vcd_c.o /opt/homebrew/Cellar/verilator/5.050/share/verilator/include/verilated_vcd_c.cpp
c++ -Os  -I.  -MMD -I/opt/homebrew/Cellar/verilator/5.050/share/verilator/include -I/opt/homebrew/Cellar/verilator/5.050/share/verilator/include/vltstd -DVERILATOR=1 -DVM_COVERAGE=0 -DVM_SC=0 -DVM_TIMING=1 -DVM_TRACE=1 -DVM_TRACE_FST=0 -DVM_TRACE_VCD=1 -DVM_TRACE_SAIF=0 -DVM_VPI=0 -faligned-new -fbracket-depth=4096 -fcf-protection=none -Xclang -fno-pch-timestamp -Qunused-arguments -Wno-bool-operation -Wno-c++11-narrowing -Wno-constant-logical-operand -Wno-int-in-bool-context -Wno-non-pod-varargs -Wno-parentheses-equality -Wno-shadow -Wno-sign-compare -Wno-tautological-bitwise-compare -Wno-tautological-compare -Wno-uninitialized -Wno-unnecessary-virtual-specifier -Wno-unused-but-set-parameter -Wno-unused-but-set-variable -Wno-unused-parameter -Wno-unused-variable -Wno-vla-cxx-extension    -DVL_TIME_CONTEXT   -std=gnu++20 -c -o verilated_timing.o /opt/homebrew/Cellar/verilator/5.050/share/verilator/include/verilated_timing.cpp
c++ -Os  -I.  -MMD -I/opt/homebrew/Cellar/verilator/5.050/share/verilator/include -I/opt/homebrew/Cellar/verilator/5.050/share/verilator/include/vltstd -DVERILATOR=1 -DVM_COVERAGE=0 -DVM_SC=0 -DVM_TIMING=1 -DVM_TRACE=1 -DVM_TRACE_FST=0 -DVM_TRACE_VCD=1 -DVM_TRACE_SAIF=0 -DVM_VPI=0 -faligned-new -fbracket-depth=4096 -fcf-protection=none -Xclang -fno-pch-timestamp -Qunused-arguments -Wno-bool-operation -Wno-c++11-narrowing -Wno-constant-logical-operand -Wno-int-in-bool-context -Wno-non-pod-varargs -Wno-parentheses-equality -Wno-shadow -Wno-sign-compare -Wno-tautological-bitwise-compare -Wno-tautological-compare -Wno-uninitialized -Wno-unnecessary-virtual-specifier -Wno-unused-but-set-parameter -Wno-unused-but-set-variable -Wno-unused-parameter -Wno-unused-variable -Wno-vla-cxx-extension    -DVL_TIME_CONTEXT   -std=gnu++20 -c -o verilated_threads.o /opt/homebrew/Cellar/verilator/5.050/share/verilator/include/verilated_threads.cpp
python3 /opt/homebrew/Cellar/verilator/5.050/share/verilator/bin/verilator_includer -DVL_INCLUDE_OPT=include Vtb_trace_driven.cpp Vtb_trace_driven___024root__0.cpp Vtb_trace_driven__main.cpp Vtb_trace_driven__Trace__0.cpp Vtb_trace_driven___024root__Slow.cpp Vtb_trace_driven___024root__0__Slow.cpp Vtb_trace_driven__Syms__Slow.cpp Vtb_trace_driven__Trace__0__Slow.cpp Vtb_trace_driven__TraceDecls__0__Slow.cpp > Vtb_trace_driven__ALL.cpp
c++ -Os  -I.  -MMD -I/opt/homebrew/Cellar/verilator/5.050/share/verilator/include -I/opt/homebrew/Cellar/verilator/5.050/share/verilator/include/vltstd -DVERILATOR=1 -DVM_COVERAGE=0 -DVM_SC=0 -DVM_TIMING=1 -DVM_TRACE=1 -DVM_TRACE_FST=0 -DVM_TRACE_VCD=1 -DVM_TRACE_SAIF=0 -DVM_VPI=0 -faligned-new -fbracket-depth=4096 -fcf-protection=none -Xclang -fno-pch-timestamp -Qunused-arguments -Wno-bool-operation -Wno-c++11-narrowing -Wno-constant-logical-operand -Wno-int-in-bool-context -Wno-non-pod-varargs -Wno-parentheses-equality -Wno-shadow -Wno-sign-compare -Wno-tautological-bitwise-compare -Wno-tautological-compare -Wno-uninitialized -Wno-unnecessary-virtual-specifier -Wno-unused-but-set-parameter -Wno-unused-but-set-variable -Wno-unused-parameter -Wno-unused-variable -Wno-vla-cxx-extension    -DVL_TIME_CONTEXT   -std=gnu++20 -c -o Vtb_trace_driven__ALL.o Vtb_trace_driven__ALL.cpp
c++  -Wl,-U,__Z15vl_time_stamp64v,-U,__Z13sc_time_stampv,-U,_vlog_startup_routines   verilated.o verilated_vcd_c.o verilated_timing.o verilated_threads.o Vtb_trace_driven__ALL.a    -pthread -lpthread   -o Vtb_trace_driven
rm Vtb_trace_driven__ALL.verilator_deplist.tmp
- V e r i l a t i o n   R e p o r t: Verilator 5.050 2026-07-01 rev vUNKNOWN-built20260701
- Verilator: Built from 0.114 MB sources in 5 modules, into 0.182 MB in 9 C++ files needing 0.001 MB
- Verilator: Walltime 3.353 s (elab=0.001, cvt=0.007, bld=3.340); cpu 0.013 s on 1 threads; allocated 12.922 MB
